[13812:34204:0512/214436.581:WARNING:chrome_main_delegate.cc(745)] This is Chrome version 128.0.6613.138 (not a warning)
[13812:34204:0512/214436.623:WARNING:account_consistency_mode_manager.cc(77)] Desktop Identity Consistency cannot be enabled as no OAuth client ID and client secret have been configured.
[4300:11988:0512/214441.635:WARNING:frame_impl.cc(430)] virtual CefFrameImpl::SendProcessMessage sent to detached frame 5-F9D485385C53F82207D292CB39004F67 will be ignored
[13812:34204:0512/215003.514:WARNING:sad_tab.cc(255)] Tab Killed: https://editor.unrealengine.com/
[13812:34204:0512/215003.848:ERROR:network_service_instance_impl.cc(608)] Network service crashed, restarting service.
[13812:34204:0512/215003.849:ERROR:gpu_process_host.cc(1007)] GPU process exited unexpectedly: exit_code=1073807364
[13812:34204:0512/215003.849:WARNING:gpu_process_host.cc(1441)] The GPU process has crashed 1 time(s)
[13812:34204:0512/215004.181:ERROR:network_service_instance_impl.cc(608)] Network service crashed, restarting service.
[13812:34204:0512/215004.183:ERROR:gpu_process_host.cc(1007)] GPU process exited unexpectedly: exit_code=-1073741205
[13812:34204:0512/215004.183:WARNING:gpu_process_host.cc(1441)] The GPU process has crashed 2 time(s)
[13812:34204:0512/215004.513:ERROR:network_service_instance_impl.cc(608)] Network service crashed, restarting service.
[13812:34204:0512/215004.515:ERROR:gpu_process_host.cc(1007)] GPU process exited unexpectedly: exit_code=-1073741205
[13812:34204:0512/215004.515:WARNING:gpu_process_host.cc(1441)] The GPU process has crashed 3 time(s)
[13812:34204:0512/215004.846:ERROR:network_service_instance_impl.cc(608)] Network service crashed, restarting service.
[13812:34204:0512/215004.848:ERROR:gpu_process_host.cc(1007)] GPU process exited unexpectedly: exit_code=-1073741205
[13812:34204:0512/215004.848:WARNING:gpu_process_host.cc(1441)] The GPU process has crashed 4 time(s)
[13812:34204:0512/215005.179:ERROR:network_service_instance_impl.cc(608)] Network service crashed, restarting service.
[13812:34204:0512/215005.180:ERROR:gpu_process_host.cc(1007)] GPU process exited unexpectedly: exit_code=-1073741205
[13812:34204:0512/215005.180:WARNING:gpu_process_host.cc(1441)] The GPU process has crashed 5 time(s)
[13812:34204:0512/215005.513:ERROR:network_service_instance_impl.cc(608)] Network service crashed, restarting service.
[13812:34204:0512/215005.514:ERROR:gpu_process_host.cc(1007)] GPU process exited unexpectedly: exit_code=-1073741205
[13812:34204:0512/215005.514:WARNING:gpu_process_host.cc(1441)] The GPU process has crashed 6 time(s)
[13812:34204:0512/215005.846:ERROR:network_service_instance_impl.cc(608)] Network service crashed, restarting service.
[13812:34204:0512/215005.848:ERROR:gpu_process_host.cc(1007)] GPU process exited unexpectedly: exit_code=-1073741205
[13812:34204:0512/215005.848:WARNING:gpu_process_host.cc(1441)] The GPU process has crashed 7 time(s)
[13812:34204:0512/215006.179:ERROR:network_service_instance_impl.cc(608)] Network service crashed, restarting service.
[13812:34204:0512/215006.181:ERROR:gpu_process_host.cc(1007)] GPU process exited unexpectedly: exit_code=-1073741205
[13812:34204:0512/215006.181:WARNING:gpu_process_host.cc(1441)] The GPU process has crashed 8 time(s)
[13812:34204:0512/215006.514:ERROR:network_service_instance_impl.cc(608)] Network service crashed, restarting service.
[13812:34204:0512/215006.516:ERROR:gpu_process_host.cc(1007)] GPU process exited unexpectedly: exit_code=-1073741205
[13812:34204:0512/215006.516:WARNING:gpu_process_host.cc(1441)] The GPU process has crashed 9 time(s)
[13812:34204:0512/215006.516:FATAL:gpu_data_manager_impl_private.cc(436)] GPU process isn't usable. Goodbye.
